2026-01-21 20:00:55,142 - file_watcher - ERROR - Failed to import Bronze utilities: No module named 'src.watcher'
2026-01-21 20:16:23,513 - file_watcher - INFO - File watcher started
2026-01-21 20:16:23,532 - file_watcher - INFO - Monitoring: /mnt/d/Hackathons/hackathon-0/silver/vault/Inbox
2026-01-21 20:16:23,539 - file_watcher - INFO - Supported types: .txt, .md, .pdf, .png, .jpg, .jpeg
2026-01-21 20:16:23,560 - file_watcher - INFO - Press Ctrl+C to stop
2026-02-06 01:26:51,532 - file_watcher - INFO - File watcher started
2026-02-06 01:26:51,535 - file_watcher - INFO - Monitoring: /mnt/d/Hackathons/hackathon-0/silver/vault/Inbox
2026-02-06 01:26:51,538 - file_watcher - INFO - Supported types: .txt, .md, .pdf, .png, .jpg, .jpeg
2026-02-06 01:26:51,542 - file_watcher - INFO - Press Ctrl+C to stop
2026-02-06 01:41:53,288 - file_watcher - INFO - Stopping file watcher...
2026-02-06 01:41:53,470 - file_watcher - INFO - File watcher stopped
2026-02-06 01:42:41,973 - file_watcher - INFO - File watcher started
2026-02-06 01:42:41,979 - file_watcher - INFO - Monitoring: /mnt/d/Hackathons/hackathon-0/silver/vault/Inbox
2026-02-06 01:42:41,983 - file_watcher - INFO - Supported types: .txt, .md, .pdf, .png, .jpg, .jpeg
2026-02-06 01:42:41,988 - file_watcher - INFO - Press Ctrl+C to stop
2026-02-06 04:28:11,558 - file_watcher - INFO - Stopping file watcher...
2026-02-06 04:28:11,636 - file_watcher - INFO - File watcher stopped
2026-02-06 04:28:24,919 - file_watcher - INFO - File watcher started
2026-02-06 04:28:24,922 - file_watcher - INFO - Monitoring: /mnt/d/Hackathons/hackathon-0/silver/vault/Inbox
2026-02-06 04:28:24,925 - file_watcher - INFO - Supported types: .txt, .md, .pdf, .png, .jpg, .jpeg
2026-02-06 04:28:24,928 - file_watcher - INFO - Press Ctrl+C to stop
2026-02-06 04:30:21,653 - file_watcher - INFO - Stopping file watcher...
2026-02-06 04:30:21,674 - file_watcher - INFO - File watcher stopped
2026-02-06 04:34:49,879 - file_watcher - INFO - File watcher started
2026-02-06 04:34:49,897 - file_watcher - INFO - Monitoring: /mnt/d/Hackathons/hackathon-0/silver/vault/Inbox
2026-02-06 04:34:49,904 - file_watcher - INFO - Supported types: .txt, .md, .pdf, .png, .jpg, .jpeg
2026-02-06 04:34:49,913 - file_watcher - INFO - Press Ctrl+C to stop
2026-02-06 04:41:53,732 - file_watcher - INFO - Stopping file watcher...
2026-02-06 04:41:53,755 - file_watcher - INFO - File watcher stopped
2026-02-06 04:42:03,695 - file_watcher - INFO - File watcher started
2026-02-06 04:42:03,699 - file_watcher - INFO - Monitoring: /mnt/d/Hackathons/hackathon-0/silver/vault/Inbox
2026-02-06 04:42:03,703 - file_watcher - INFO - Supported types: .txt, .md, .pdf, .png, .jpg, .jpeg
2026-02-06 04:42:03,706 - file_watcher - INFO - Press Ctrl+C to stop
2026-02-06 04:47:33,598 - file_watcher - INFO - Stopping file watcher...
2026-02-06 04:47:33,658 - file_watcher - INFO - File watcher stopped
2026-02-06 04:48:17,222 - file_watcher - INFO - File watcher started
2026-02-06 04:48:17,224 - file_watcher - INFO - Monitoring: /mnt/d/Hackathons/hackathon-0/silver/vault/Inbox
2026-02-06 04:48:17,226 - file_watcher - INFO - Supported types: .txt, .md, .pdf, .png, .jpg, .jpeg
2026-02-06 04:48:17,229 - file_watcher - INFO - Press Ctrl+C to stop
2026-02-11 13:42:21,087 - file_watcher - INFO - File watcher started
2026-02-11 13:42:21,097 - file_watcher - INFO - Monitoring: /mnt/d/Hackathons/hackathon-0/silver/vault/Inbox
2026-02-11 13:42:21,103 - file_watcher - INFO - Supported types: .txt, .md, .pdf, .png, .jpg, .jpeg
2026-02-11 13:42:21,108 - file_watcher - INFO - Press Ctrl+C to stop
2026-02-11 21:23:01,348 - file_watcher - INFO - Stopping file watcher...
2026-02-11 21:23:01,527 - file_watcher - INFO - File watcher stopped
2026-02-11 21:25:21,780 - file_watcher - INFO - File watcher started
2026-02-11 21:25:21,810 - file_watcher - INFO - Monitoring: /mnt/d/Hackathons/hackathon-0/silver/vault/Inbox
2026-02-11 21:25:21,848 - file_watcher - INFO - Supported types: .txt, .md, .pdf, .png, .jpg, .jpeg
2026-02-11 21:25:21,866 - file_watcher - INFO - Press Ctrl+C to stop
2026-02-12 01:19:07,345 - file_watcher - INFO - File watcher started
2026-02-12 01:19:07,348 - file_watcher - INFO - Monitoring: /mnt/d/Hackathons/hackathon-0/silver/vault/Inbox
2026-02-12 01:19:07,351 - file_watcher - INFO - Supported types: .txt, .md, .pdf, .png, .jpg, .jpeg
2026-02-12 01:19:07,354 - file_watcher - INFO - Press Ctrl+C to stop
2026-02-12 01:24:33,881 - file_watcher - INFO - Stopping file watcher...
2026-02-12 01:24:33,902 - file_watcher - INFO - File watcher stopped
2026-02-12 01:26:15,172 - file_watcher - INFO - File watcher started
2026-02-12 01:26:15,174 - file_watcher - INFO - Monitoring: /mnt/d/Hackathons/hackathon-0/silver/vault/Inbox
2026-02-12 01:26:15,176 - file_watcher - INFO - Supported types: .txt, .md, .pdf, .png, .jpg, .jpeg
2026-02-12 01:26:15,177 - file_watcher - INFO - Press Ctrl+C to stop
2026-02-12 01:27:10,204 - file_watcher - INFO - Stopping file watcher...
2026-02-12 01:27:10,209 - file_watcher - INFO - File watcher stopped
2026-02-12 01:49:14,566 - file_watcher - INFO - File watcher started
2026-02-12 01:49:14,568 - file_watcher - INFO - Monitoring: /mnt/d/Hackathons/hackathon-0/silver/vault/Inbox
2026-02-12 01:49:14,578 - file_watcher - INFO - Supported types: .txt, .md, .pdf, .png, .jpg, .jpeg
2026-02-12 01:49:14,582 - file_watcher - INFO - Press Ctrl+C to stop
2026-02-12 02:04:47,706 - file_watcher - INFO - Stopping file watcher...
2026-02-12 02:04:47,713 - file_watcher - INFO - File watcher stopped
2026-02-12 02:06:32,668 - file_watcher - INFO - File watcher started
2026-02-12 02:06:32,671 - file_watcher - INFO - Monitoring: /mnt/d/Hackathons/hackathon-0/silver/vault/Inbox
2026-02-12 02:06:32,680 - file_watcher - INFO - Supported types: .txt, .md, .pdf, .png, .jpg, .jpeg
2026-02-12 02:06:32,684 - file_watcher - INFO - Press Ctrl+C to stop
2026-02-12 17:50:38,638 - file_watcher - INFO - Stopping file watcher...
2026-02-12 17:50:38,699 - file_watcher - INFO - File watcher stopped
2026-02-12 17:50:49,969 - file_watcher - INFO - File watcher started
2026-02-12 17:50:49,973 - file_watcher - INFO - Monitoring: /mnt/d/Hackathons/hackathon-0/silver/vault/Inbox
2026-02-12 17:50:49,978 - file_watcher - INFO - Supported types: .txt, .md, .pdf, .png, .jpg, .jpeg
2026-02-12 17:50:49,981 - file_watcher - INFO - Press Ctrl+C to stop
2026-02-18 18:11:13,531 - file_watcher - INFO - File watcher started
2026-02-18 18:11:13,531 - file_watcher - INFO - Monitoring: D:\Hackathons\hackathon-0\silver\vault\Inbox
2026-02-18 18:11:13,532 - file_watcher - INFO - Supported types: .txt, .md, .pdf, .png, .jpg, .jpeg
2026-02-18 18:11:13,532 - file_watcher - INFO - Press Ctrl+C to stop
2026-02-18 18:11:49,863 - file_watcher - INFO - File watcher started
2026-02-18 18:11:49,863 - file_watcher - INFO - Monitoring: D:\Hackathons\hackathon-0\silver\vault\Inbox
2026-02-18 18:11:49,864 - file_watcher - INFO - Supported types: .txt, .md, .pdf, .png, .jpg, .jpeg
2026-02-18 18:11:49,864 - file_watcher - INFO - Press Ctrl+C to stop
2026-02-18 18:31:55,717 - file_watcher - INFO - File watcher started
2026-02-18 18:31:55,717 - file_watcher - INFO - Monitoring: D:\Hackathons\hackathon-0\silver\vault\Inbox
2026-02-18 18:31:55,718 - file_watcher - INFO - Supported types: .txt, .md, .pdf, .png, .jpg, .jpeg
2026-02-18 18:31:55,718 - file_watcher - INFO - Press Ctrl+C to stop
2026-02-26 19:34:16,412 - file_watcher - INFO - File watcher started
2026-02-26 19:34:16,412 - file_watcher - INFO - Monitoring: D:\Hackathons\hackathon-0\silver\vault\Inbox
2026-02-26 19:34:16,413 - file_watcher - INFO - Supported types: .txt, .md, .pdf, .png, .jpg, .jpeg
2026-02-26 19:34:16,413 - file_watcher - INFO - Press Ctrl+C to stop
2026-02-27 19:13:10,079 - file_watcher - INFO - File watcher started
2026-02-27 19:13:10,079 - file_watcher - INFO - Monitoring: D:\Hackathons\hackathon-0\silver\vault\Inbox
2026-02-27 19:13:10,080 - file_watcher - INFO - Supported types: .txt, .md, .pdf, .png, .jpg, .jpeg
2026-02-27 19:13:10,080 - file_watcher - INFO - Press Ctrl+C to stop
2026-03-05 01:22:24,724 - file_watcher - INFO - File watcher started
2026-03-05 01:22:24,727 - file_watcher - INFO - Monitoring: D:\Hackathons\hackathon-0\silver\vault\Inbox
2026-03-05 01:22:24,727 - file_watcher - INFO - Supported types: .txt, .md, .pdf, .png, .jpg, .jpeg
2026-03-05 01:22:24,729 - file_watcher - INFO - Press Ctrl+C to stop
2026-03-05 01:44:17,303 - file_watcher - INFO - File watcher started
2026-03-05 01:44:17,304 - file_watcher - INFO - Monitoring: D:\Hackathons\hackathon-0\silver\vault\Inbox
2026-03-05 01:44:17,304 - file_watcher - INFO - Supported types: .txt, .md, .pdf, .png, .jpg, .jpeg
2026-03-05 01:44:17,304 - file_watcher - INFO - Press Ctrl+C to stop
2026-03-05 16:06:14,240 - file_watcher - INFO - File watcher started
2026-03-05 16:06:14,241 - file_watcher - INFO - Monitoring: D:\Hackathons\hackathon-0\silver\vault\Inbox
2026-03-05 16:06:14,241 - file_watcher - INFO - Supported types: .txt, .md, .pdf, .png, .jpg, .jpeg
2026-03-05 16:06:14,241 - file_watcher - INFO - Press Ctrl+C to stop
2026-03-06 16:43:13,013 - file_watcher - INFO - File watcher started
2026-03-06 16:43:13,013 - file_watcher - INFO - Monitoring: D:\Hackathons\hackathon-0\silver\vault\Inbox
2026-03-06 16:43:13,013 - file_watcher - INFO - Supported types: .txt, .md, .pdf, .png, .jpg, .jpeg
2026-03-06 16:43:13,013 - file_watcher - INFO - Press Ctrl+C to stop
2026-03-06 17:42:43,577 - file_watcher - INFO - File watcher started
2026-03-06 17:42:43,578 - file_watcher - INFO - Monitoring: D:\Hackathons\hackathon-0\silver\vault\Inbox
2026-03-06 17:42:43,578 - file_watcher - INFO - Supported types: .txt, .md, .pdf, .png, .jpg, .jpeg
2026-03-06 17:42:43,579 - file_watcher - INFO - Press Ctrl+C to stop
2026-03-06 17:58:43,417 - file_watcher - INFO - File watcher started
2026-03-06 17:58:43,417 - file_watcher - INFO - Monitoring: D:\Hackathons\hackathon-0\silver\vault\Inbox
2026-03-06 17:58:43,418 - file_watcher - INFO - Supported types: .txt, .md, .pdf, .png, .jpg, .jpeg
2026-03-06 17:58:43,418 - file_watcher - INFO - Press Ctrl+C to stop
2026-03-08 23:55:14,096 - file_watcher - INFO - File watcher started
2026-03-08 23:55:14,096 - file_watcher - INFO - Monitoring: D:\Hackathons\hackathon-0\AI_Employee\vault\Inbox
2026-03-08 23:55:14,097 - file_watcher - INFO - Supported types: .txt, .md, .pdf, .png, .jpg, .jpeg
2026-03-08 23:55:14,097 - file_watcher - INFO - Press Ctrl+C to stop
2026-03-09 00:00:55,356 - file_watcher - INFO - File watcher started
2026-03-09 00:00:55,357 - file_watcher - INFO - Monitoring: D:\Hackathons\hackathon-0\AI_Employee\vault\Inbox
2026-03-09 00:00:55,357 - file_watcher - INFO - Supported types: .txt, .md, .pdf, .png, .jpg, .jpeg
2026-03-09 00:00:55,357 - file_watcher - INFO - Press Ctrl+C to stop
2026-03-09 00:02:01,511 - file_watcher - INFO - File watcher started
2026-03-09 00:02:01,511 - file_watcher - INFO - Monitoring: D:\Hackathons\hackathon-0\AI_Employee\vault\Inbox
2026-03-09 00:02:01,512 - file_watcher - INFO - Supported types: .txt, .md, .pdf, .png, .jpg, .jpeg
2026-03-09 00:02:01,512 - file_watcher - INFO - Press Ctrl+C to stop
