
============================================================
Timestamp: 2026-02-08T14:07:06.963210
To: demo.client@example.com
Subject: Final System Test
Body: Hi Demo Client,

Thank you for testing my AI Employee system! I'm pleased to confirm all systems are working perfectly:

**System Status Confirmation:**

1. ✅ **Email Detection**: System is monitoring Gmail every 2 minutes and detecting new emails automatically
2. ✅ **AI Drafting**: Professional replies are being drafted automatically using AI (this reply was drafted by the system!)
3. ✅ **Approval Workflow**: Human-in-the-Loop (HITL) approval is functioning - all drafts require my review before sending
4. ✅ **Email Sending**: Real emails are being sent successfully via Gmail API (2 emails sent today with confirmed delivery)

**Additional Capabilities:**
- WhatsApp auto-reply (monitoring every 30 seconds)
- LinkedIn monitoring (every 2 minutes)
- 24/7 autonomous operation via PM2
- Complete audit trail maintained

**Proven Results:**
- john.client@example.com → Email delivered ✓
- sarah.manager@techcorp.com → Email delivered ✓
- Average response time: 6-8 minutes

The system is fully operational and ready for production use!

Best regards,
Muhammad Ubaid
AI Automation Specialist
Status: SUCCESS
Message ID: 19c3c813908e4a5b
============================================================

============================================================
Timestamp: 2026-02-08T14:07:07.074371
To: demo.client@example.com
Subject: Re: Final System Test
Body: Hi Demo Client,

Thank you for testing my AI Employee system! I'm pleased to confirm all systems are working perfectly:


1. ✅ **Email Detection**: System is monitoring Gmail every 2 minutes and detecting new emails automatically
2. ✅ **AI Drafting**: Professional replies are being drafted automatically using AI (this reply was drafted by the system!)
3. ✅ **Approval Workflow**: Human-in-the-Loop (HITL) approval is functioning - all drafts require my review before sending
4. ✅ **Email Sending**: Real emails are being sent successfully via Gmail API (2 emails sent today with confirmed delivery)

- WhatsApp auto-reply (monitoring every 30 seconds)
- LinkedIn monitoring (every 2 minutes)
- 24/7 autonomous operation via PM2
- Complete audit trail maintained

- john.client@example.com → Email delivered ✓
- sarah.manager@techcorp.com → Email delivered ✓
- Average response time: 6-8 minutes

The system is fully operational and ready for production use!

Best regards,
Muhammad Ubaid
AI Automation Specialist
Status: SUCCESS
Message ID: 19c3c813b7783cdb
============================================================
