
============================================================
Timestamp: 2026-02-07T10:51:48.074328
To: client@example.com
Subject: Re: Project Update Request
Body: Hi John,

Thank you for reaching out regarding the automation project update.

I'm pleased to inform you that we're making excellent progress on your project. Here's a quick status update:

- Phase 1 (Requirements & Design): ✅ Completed
- Phase 2 (Core Development): 🔄 In Progress (75% complete)
- Phase 3 (Testing & Deployment): 📅 Scheduled to begin next week

We expect to complete Phase 2 by the end of this week (February 10th). After that, we'll move into the testing phase, which typically takes 5-7 business days.

I'll send you a detailed progress report by end of day tomorrow with specific metrics and deliverables completed so far.

Please let me know if you'd like to schedule a quick call to discuss any specific aspects of the project.

Best regards,
[Your Name]
[Your Title]
Status: SUCCESS
Message ID: 19c36a80b55294b2
============================================================

============================================================
Timestamp: 2026-02-07T13:30:22.242412
To: john.client@example.com
Subject: Meeting Schedule Request
Body: Hi,

Thank you for your email regarding "Meeting Schedule Request".

I've received your message and will review it carefully. I'll get back to you with a detailed response within 24 hours.

If this is urgent, please feel free to call me directly.

Best regards,
Muhammad Ubaid
Status: SUCCESS
Message ID: 19c373937d246252
============================================================

============================================================
Timestamp: 2026-02-07T13:50:49.122478
To: sarah.manager@techcorp.com
Subject: Urgent - Production Bug Report
Body: Hi Sarah,

Thank you for reporting this critical issue. I understand the urgency - 1000+ users affected is a serious situation.

**Immediate Action Plan:**

1. **Investigation Started** (Next 15 minutes)
   - Checking server logs for error 500 root cause
   - Reviewing recent deployments since 1 PM
   - Testing chatbot endpoints manually

2. **Expected Timeline:**
   - Root cause identification: 30 minutes
   - Fix deployment: 1-2 hours
   - Full resolution ETA: 2:30 PM today

3. **Temporary Mitigation:**
   - I'm setting up a fallback response system right now
   - This will provide basic functionality while we fix the main issue

**Communication:**
- I'll send you updates every 30 minutes
- My phone: +92 321 2322687 (call anytime)
- I'm dedicating full attention to this until resolved

Starting investigation now. First update coming at 2:15 PM.

Best regards,
Muhammad Ubaid
Senior AI Developer
Status: SUCCESS
Message ID: 19c374bf058184e6
============================================================
