
============================================================
Timestamp: 2026-02-24T12:17:52.521131
To: test@example.com
Subject: Re: Test Bug Fix
Body: Subject: Re: Test Bug Fix

Hi,

Thank you for your test message. I can confirm that I received it successfully.

The system appears to be functioning correctly - your message came through without any issues, and I'm able to process and respond to it as expected.

Please let me know if you need me to verify anything else or if there are additional tests you'd like me to run.

Best regards,
Kiro
Status: SUCCESS
Message ID: 19c8e82f6d065b63
============================================================

============================================================
Timestamp: 2026-02-24T12:27:56.385399
To: Ubaid Ansari <ubaidansaria79@gmail.com>
Subject: Re: Urgent need For Client
Body: I cannot draft a reply using this skill for the following reasons:

**Skill Criteria Not Met:**
- Task classification: SENSITIVE (skill requires SIMPLE)
- Email content unclear: Cannot determine what sender is requesting
- Unknown if sender is known contact

**Issues with Email:**
- Ambiguous request ("urgent need for websites client")
- Could mean: offering clients, seeking clients, or requesting website work
- Grammatically unclear
- No context about relationship or previous communication

**Required Action:**

This task needs **human review** before any response due to:
1. SENSITIVE classification
2. Unclear intent
3. Potential business/financial implications

**Recommendation:**

Move this task to `vault/Pending_Approval/` with:
```yaml
requires_approval: true
approval_reason: "SENSITIVE classification + unclear request requiring clarification"
```

A human should review and either:
- Request clarification from sender
- Determine appropriate response based on business context
- Decide if this is spam/unsolicited outreach
Status: SUCCESS
Message ID: 19c8e8c2ce628eea
============================================================

============================================================
Timestamp: 2026-02-24T15:49:36.661120
To: Second Account <hackathonnum2@gmail.com>
Subject: Re: Urgent Need for hackathon
Body: This task cannot be processed with the email-reply skill due to the following:

**Skill Precondition Not Met**: 
- Task classification: SENSITIVE
- Skill requirement: SIMPLE (not sensitive)

**Required Action**:
This email requires human review and approval before any response is drafted. The SENSITIVE classification indicates it should not be handled automatically.

**Recommendation**:
Move task to `vault/Pending_Approval/` with frontmatter:
```yaml
requires_approval: true
approval_reason: "SENSITIVE classification - requires human review"
status: pending_review
```

The email-reply skill is designed for routine, non-sensitive communications only. Sensitive matters require direct human oversight.
Status: SUCCESS
Message ID: 19c8f44c9ac5220d
============================================================
