
============================================================
Timestamp: 2026-02-23T01:27:47.818554
To: ha5755420@gmail.com
Subject: Re: Test Email
Body: Subject: Re: Test Email

Hello,

Thank you for your email. I can confirm that the system is working correctly and your message was received successfully.

The email monitoring and response system is functioning as expected. If you need any further verification or have additional questions, please let me know.

Best regards,
[Your Name]
[Your Title]
Status: SUCCESS
Message ID: 19c8709701a43dd9
============================================================

============================================================
Timestamp: 2026-02-23T02:23:25.164319
To: Ubaid Ansari <ubaidansaria79@gmail.com>
Subject: Re: Urgent Need
Body: I cannot draft a reply for this email using the email-reply skill because:

**Skill Criteria Not Met:**
- Task classification: SENSITIVE (skill only handles SIMPLE tasks)
- Content too vague: "Urgent Need for hackathon" lacks specifics
- Cannot determine appropriate response without knowing what is needed

**This email requires human review because:**
1. Marked as SENSITIVE classification
2. Unclear what the urgent need is (funding? resources? participation? technical help?)
3. Informal tone ("Bhai") suggests personal relationship but request is ambiguous

**Recommended Action:**
Move this task to `vault/Pending_Approval/` with a note requesting clarification on:
- What specific help is needed for the hackathon
- Timeline/deadline
- Nature of the relationship with sender
- Whether this is personal or business-related

The human operator should review and either:
- Request more information from sender
- Provide context so an appropriate reply can be drafted
- Handle the response directly
Status: SUCCESS
Message ID: 19c873c5e1844779
============================================================
