
============================================================
Timestamp: 2026-02-18T15:48:17.256643
To: Google <no-reply@accounts.google.com>
Subject: Help strengthen the security of your Google Account
Status: FAILED
Error: ('invalid_grant: Token has been expired or revoked.', {'error': 'invalid_grant', 'error_description': 'Token has been expired or revoked.'})
============================================================

============================================================
Timestamp: 2026-02-18T15:51:53.315826
To: Google <no-reply@accounts.google.com>
Subject: Re: Help strengthen the security of your Google Account
Status: FAILED
Error: ('invalid_grant: Token has been expired or revoked.', {'error': 'invalid_grant', 'error_description': 'Token has been expired or revoked.'})
============================================================

============================================================
Timestamp: 2026-02-18T15:56:52.992212
To: Google <no-reply@accounts.google.com>
Subject: Re: Help strengthen the security of your Google Account
Status: FAILED
Error: ('invalid_grant: Token has been expired or revoked.', {'error': 'invalid_grant', 'error_description': 'Token has been expired or revoked.'})
============================================================

============================================================
Timestamp: 2026-02-18T15:56:54.584976
To: Google <no-reply@accounts.google.com>
Subject: Re: Help strengthen the security of your Google Account
Status: FAILED
Error: ('invalid_grant: Token has been expired or revoked.', {'error': 'invalid_grant', 'error_description': 'Token has been expired or revoked.'})
============================================================

============================================================
Timestamp: 2026-02-18T16:01:54.162550
To: Google <no-reply@accounts.google.com>
Subject: Re: Help strengthen the security of your Google Account
Status: FAILED
Error: ('invalid_grant: Token has been expired or revoked.', {'error': 'invalid_grant', 'error_description': 'Token has been expired or revoked.'})
============================================================

============================================================
Timestamp: 2026-02-18T16:01:55.883984
To: Google <no-reply@accounts.google.com>
Subject: Re: Help strengthen the security of your Google Account
Status: FAILED
Error: ('invalid_grant: Token has been expired or revoked.', {'error': 'invalid_grant', 'error_description': 'Token has been expired or revoked.'})
============================================================

============================================================
Timestamp: 2026-02-18T16:06:54.219998
To: Google <no-reply@accounts.google.com>
Subject: Re: Help strengthen the security of your Google Account
Status: FAILED
Error: Gmail token not found at D:\Hackathons\hackathon-0\silver\.credentials\gmail-token.json. Run OAuth flow first.
============================================================

============================================================
Timestamp: 2026-02-18T16:06:55.909506
To: Google <no-reply@accounts.google.com>
Subject: Re: Help strengthen the security of your Google Account
Status: FAILED
Error: Gmail token not found at D:\Hackathons\hackathon-0\silver\.credentials\gmail-token.json. Run OAuth flow first.
============================================================

============================================================
Timestamp: 2026-02-18T16:08:30.434313
To: Google <no-reply@accounts.google.com>
Subject: Help strengthen the security of your Google Account
Status: FAILED
Error: Gmail token not found at D:\Hackathons\hackathon-0\silver\.credentials\gmail-token.json. Run OAuth flow first.
============================================================

============================================================
Timestamp: 2026-02-18T16:11:54.264189
To: Google <no-reply@accounts.google.com>
Subject: Re: Help strengthen the security of your Google Account
Status: FAILED
Error: Gmail token not found at D:\Hackathons\hackathon-0\silver\.credentials\gmail-token.json. Run OAuth flow first.
============================================================

============================================================
Timestamp: 2026-02-18T16:11:55.934038
To: Google <no-reply@accounts.google.com>
Subject: Re: Help strengthen the security of your Google Account
Status: FAILED
Error: Gmail token not found at D:\Hackathons\hackathon-0\silver\.credentials\gmail-token.json. Run OAuth flow first.
============================================================

============================================================
Timestamp: 2026-02-18T16:14:34.480871
To: Google <no-reply@accounts.google.com>
Subject: Help strengthen the security of your Google Account
Status: FAILED
Error: Gmail token not found at D:\Hackathons\hackathon-0\silver\.credentials\gmail-token.json. Run OAuth flow first.
============================================================

============================================================
Timestamp: 2026-02-18T16:14:34.490547
To: Mail Delivery Subsystem <mailer-daemon@googlemail.com>
Subject: Delivery Status Notification (Failure)
Status: FAILED
Error: Gmail token not found at D:\Hackathons\hackathon-0\silver\.credentials\gmail-token.json. Run OAuth flow first.
============================================================

============================================================
Timestamp: 2026-02-18T16:16:47.640242
To: Google <no-reply@accounts.google.com>
Subject: Help strengthen the security of your Google Account
Status: FAILED
Error: Gmail token not found at D:\Hackathons\hackathon-0\silver\.credentials\gmail-token.json. Run OAuth flow first.
============================================================

============================================================
Timestamp: 2026-02-18T16:16:47.656866
To: Mail Delivery Subsystem <mailer-daemon@googlemail.com>
Subject: Delivery Status Notification (Failure)
Status: FAILED
Error: Gmail token not found at D:\Hackathons\hackathon-0\silver\.credentials\gmail-token.json. Run OAuth flow first.
============================================================

============================================================
Timestamp: 2026-02-18T16:16:54.300454
To: Google <no-reply@accounts.google.com>
Subject: Re: Help strengthen the security of your Google Account
Status: FAILED
Error: Gmail token not found at D:\Hackathons\hackathon-0\silver\.credentials\gmail-token.json. Run OAuth flow first.
============================================================

============================================================
Timestamp: 2026-02-18T16:16:54.310842
To: Mail Delivery Subsystem <mailer-daemon@googlemail.com>
Subject: Re: Delivery Status Notification (Failure)
Status: FAILED
Error: Gmail token not found at D:\Hackathons\hackathon-0\silver\.credentials\gmail-token.json. Run OAuth flow first.
============================================================

============================================================
Timestamp: 2026-02-18T16:16:55.960364
To: Google <no-reply@accounts.google.com>
Subject: Re: Help strengthen the security of your Google Account
Status: FAILED
Error: Gmail token not found at D:\Hackathons\hackathon-0\silver\.credentials\gmail-token.json. Run OAuth flow first.
============================================================

============================================================
Timestamp: 2026-02-18T16:16:55.970060
To: Mail Delivery Subsystem <mailer-daemon@googlemail.com>
Subject: Re: Delivery Status Notification (Failure)
Status: FAILED
Error: Gmail token not found at D:\Hackathons\hackathon-0\silver\.credentials\gmail-token.json. Run OAuth flow first.
============================================================

============================================================
Timestamp: 2026-02-18T16:17:29.830842
To: Google <no-reply@accounts.google.com>
Subject: Help strengthen the security of your Google Account
Status: FAILED
Error: 'utf-8' codec can't decode byte 0x80 in position 0: invalid start byte
============================================================

============================================================
Timestamp: 2026-02-18T16:17:29.837254
To: Mail Delivery Subsystem <mailer-daemon@googlemail.com>
Subject: Delivery Status Notification (Failure)
Status: FAILED
Error: 'utf-8' codec can't decode byte 0x80 in position 0: invalid start byte
============================================================

============================================================
Timestamp: 2026-02-18T16:18:08.895366
To: Google <no-reply@accounts.google.com>
Subject: Help strengthen the security of your Google Account
Status: FAILED
Error: 'utf-8' codec can't decode byte 0x80 in position 0: invalid start byte
============================================================

============================================================
Timestamp: 2026-02-18T16:18:08.900957
To: Mail Delivery Subsystem <mailer-daemon@googlemail.com>
Subject: Delivery Status Notification (Failure)
Status: FAILED
Error: 'utf-8' codec can't decode byte 0x80 in position 0: invalid start byte
============================================================

============================================================
Timestamp: 2026-02-18T16:21:06.637755
To: Google <no-reply@accounts.google.com>
Subject: Re: Help strengthen the security of your Google Account
Status: FAILED
Error: Gmail token not found at D:\Hackathons\hackathon-0\silver\.credentials\gmail-token.json. Run OAuth flow first.
============================================================

============================================================
Timestamp: 2026-02-18T16:21:06.648403
To: Mail Delivery Subsystem <mailer-daemon@googlemail.com>
Subject: Re: Delivery Status Notification (Failure)
Status: FAILED
Error: Gmail token not found at D:\Hackathons\hackathon-0\silver\.credentials\gmail-token.json. Run OAuth flow first.
============================================================

============================================================
Timestamp: 2026-02-18T16:21:54.339619
To: Google <no-reply@accounts.google.com>
Subject: Re: Help strengthen the security of your Google Account
Status: FAILED
Error: Gmail token not found at D:\Hackathons\hackathon-0\silver\.credentials\gmail-token.json. Run OAuth flow first.
============================================================

============================================================
Timestamp: 2026-02-18T16:21:54.348139
To: Mail Delivery Subsystem <mailer-daemon@googlemail.com>
Subject: Re: Delivery Status Notification (Failure)
Status: FAILED
Error: Gmail token not found at D:\Hackathons\hackathon-0\silver\.credentials\gmail-token.json. Run OAuth flow first.
============================================================

============================================================
Timestamp: 2026-02-18T16:26:37.481519
To: Google <no-reply@accounts.google.com>
Subject: Help strengthen the security of your Google Account
Status: FAILED
Error: Gmail token not found at D:\Hackathons\hackathon-0\silver\.credentials\gmail-token.json. Run OAuth flow first.
============================================================

============================================================
Timestamp: 2026-02-18T16:26:37.484918
To: Mail Delivery Subsystem <mailer-daemon@googlemail.com>
Subject: Delivery Status Notification (Failure)
Status: FAILED
Error: Gmail token not found at D:\Hackathons\hackathon-0\silver\.credentials\gmail-token.json. Run OAuth flow first.
============================================================

============================================================
Timestamp: 2026-02-18T16:26:54.385660
To: Google <no-reply@accounts.google.com>
Subject: Re: Help strengthen the security of your Google Account
Status: FAILED
Error: Gmail token not found at D:\Hackathons\hackathon-0\silver\.credentials\gmail-token.json. Run OAuth flow first.
============================================================

============================================================
Timestamp: 2026-02-18T16:26:54.394262
To: Mail Delivery Subsystem <mailer-daemon@googlemail.com>
Subject: Re: Delivery Status Notification (Failure)
Status: FAILED
Error: Gmail token not found at D:\Hackathons\hackathon-0\silver\.credentials\gmail-token.json. Run OAuth flow first.
============================================================

============================================================
Timestamp: 2026-02-18T16:28:02.978260
To: test@example.com
Subject: Test
Status: FAILED
Error: Gmail token not found at D:\Hackathons\hackathon-0\silver\.credentials\gmail-token.json. Run OAuth flow first.
============================================================

============================================================
Timestamp: 2026-02-18T16:31:54.431417
To: Google <no-reply@accounts.google.com>
Subject: Re: Help strengthen the security of your Google Account
Status: FAILED
Error: Gmail token not found at D:\Hackathons\hackathon-0\silver\.credentials\gmail-token.json. Run OAuth flow first.
============================================================

============================================================
Timestamp: 2026-02-18T16:31:54.444787
To: Mail Delivery Subsystem <mailer-daemon@googlemail.com>
Subject: Re: Delivery Status Notification (Failure)
Status: FAILED
Error: Gmail token not found at D:\Hackathons\hackathon-0\silver\.credentials\gmail-token.json. Run OAuth flow first.
============================================================

============================================================
Timestamp: 2026-02-18T16:36:16.531929
To: Google <no-reply@accounts.google.com>
Subject: Help strengthen the security of your Google Account
Status: FAILED
Error: Gmail token not found at D:\Hackathons\hackathon-0\silver\.credentials\gmail-token.json. Run OAuth flow first.
============================================================

============================================================
Timestamp: 2026-02-18T16:36:16.538109
To: Mail Delivery Subsystem <mailer-daemon@googlemail.com>
Subject: Delivery Status Notification (Failure)
Status: FAILED
Error: Gmail token not found at D:\Hackathons\hackathon-0\silver\.credentials\gmail-token.json. Run OAuth flow first.
============================================================

============================================================
Timestamp: 2026-02-18T17:50:28.340497
To: Google <no-reply@accounts.google.com>
Subject: Re: Help strengthen the security of your Google Account
Status: FAILED
Error: Gmail token not found at D:\Hackathons\hackathon-0\silver\.credentials\gmail-token.json. Run OAuth flow first.
============================================================

============================================================
Timestamp: 2026-02-18T17:50:28.623232
To: Mail Delivery Subsystem <mailer-daemon@googlemail.com>
Subject: Re: Delivery Status Notification (Failure)
Status: FAILED
Error: Gmail token not found at D:\Hackathons\hackathon-0\silver\.credentials\gmail-token.json. Run OAuth flow first.
============================================================

============================================================
Timestamp: 2026-02-18T17:51:45.666635
To: Google <no-reply@accounts.google.com>
Subject: Help strengthen the security of your Google Account
Body: Hi,

Thank you for your email regarding "Help strengthen the security of your Google Account".

I've received your message and will review it carefully. I'll get back to you with a detailed response within 24 hours.

If this is urgent, please feel free to call me directly.

Best regards,
Muhammad Ubaid
Status: SUCCESS
Message ID: 19c70ce7be3d1a49
============================================================

============================================================
Timestamp: 2026-02-18T17:51:48.479124
To: Mail Delivery Subsystem <mailer-daemon@googlemail.com>
Subject: Delivery Status Notification (Failure)
Body: Hi,

Thank you for your email regarding "Delivery Status Notification (Failure)".

I've received your message and will review it carefully. I'll get back to you with a detailed response within 24 hours.

If this is urgent, please feel free to call me directly.

Best regards,
Muhammad Ubaid
Status: SUCCESS
Message ID: 19c70ce870f392d8
============================================================

============================================================
Timestamp: 2026-02-18T17:58:20.913697
To: test@example.com
Subject: System Test
Status: FAILED
Error: Gmail token not found at D:\Hackathons\hackathon-0\silver\.credentials\gmail-token.json. Run OAuth flow first.
============================================================

============================================================
Timestamp: 2026-02-18T17:58:41.655497
To: test@example.com
Subject: System Test
Status: FAILED
Error: Gmail token not found at D:\Hackathons\hackathon-0\silver\.credentials\gmail-token.json. Run OAuth flow first.
============================================================

============================================================
Timestamp: 2026-02-18T17:59:26.790060
To: test@example.com
Subject: Re: System Test
Body: Hi,

Thank you for your email regarding "System Test".

I've received your message and will review it carefully. I'll get back to you with a detailed response within 24 hours.

If this is urgent, please feel free to call me directly.

Best regards,
Muhammad Ubaid
Status: SUCCESS
Message ID: 19c70d583504ccdf
============================================================

============================================================
Timestamp: 2026-02-18T18:27:00.906318
To: test-e2e@example.com
Subject: End-to-End System Test
Status: FAILED
Error: Gmail token not found at D:\Hackathons\hackathon-0\silver\.credentials\gmail-token.json. Run OAuth flow first.
============================================================

============================================================
Timestamp: 2026-02-18T18:28:23.664356
To: test-e2e@example.com
Subject: Re: End-to-End System Test
Status: FAILED
Error: Gmail token not found at D:\Hackathons\hackathon-0\silver\.credentials\gmail-token.json. Run OAuth flow first.
============================================================

============================================================
Timestamp: 2026-02-18T18:28:42.909260
To: test-e2e@example.com
Subject: End-to-End System Test
Body: Hi,

Thank you for your email regarding "End-to-End System Test".

I've received your message and will review it carefully. I'll get back to you with a detailed response within 24 hours.

If this is urgent, please feel free to call me directly.

Best regards,
Muhammad Ubaid
Status: SUCCESS
Message ID: 19c70f04ba881f82
============================================================

============================================================
Timestamp: 2026-02-18T19:39:44.555087
To: final-test@example.com
Subject: Final End-to-End System Test
Body: Hi,

Thank you for your email regarding "Final End-to-End System Test".

I've received your message and will review it carefully. I'll get back to you with a detailed response within 24 hours.

If this is urgent, please feel free to call me directly.

Best regards,
Muhammad Ubaid
Status: SUCCESS
Message ID: 19c713154ffbce40
============================================================

============================================================
Timestamp: 2026-02-18T19:47:20.496758
To: pm2-auto@example.com
Subject: Re: PM2 Autonomous Processing Test
Body: Hi,

Thank you for your email regarding "PM2 Autonomous Processing Test".

I've received your message and will review it carefully. I'll get back to you with a detailed response within 24 hours.

If this is urgent, please feel free to call me directly.

Best regards,
Muhammad Ubaid
Status: SUCCESS
Message ID: 19c71384a4ee115e
============================================================

============================================================
Timestamp: 2026-02-18T19:57:34.651480
To: ralph-test@example.com
Subject: Re: Ralph Wiggum Loop Test
Body: Hi,

Thank you for your email regarding "Ralph Wiggum Loop Test".

I've received your message and will review it carefully. I'll get back to you with a detailed response within 24 hours.

If this is urgent, please feel free to call me directly.

Best regards,
Muhammad Ubaid
Status: SUCCESS
Message ID: 19c7141a95c10012
============================================================
