
============================================================
Timestamp: 2026-02-19T15:38:51.515712
To: client@example.com
Subject: Re: Project Update Request
Status: FAILED
Error: Gmail token not found at D:\Hackathons\hackathon-0\silver\.credentials\gmail-token.json. Run OAuth flow first.
============================================================

============================================================
Timestamp: 2026-02-19T16:17:05.669903
To: john.client@example.com
Subject: Re: Urgent - Project Deadline Discussion
Status: FAILED
Error: Gmail token not found at D:\Hackathons\hackathon-0\silver\.credentials\gmail-token.json. Run OAuth flow first.
============================================================

============================================================
Timestamp: 2026-02-19T23:37:03.855999
To: test.friend@example.com
Subject: Re: Urgent - Project Status Update Request
Status: FAILED
Error: Gmail token not found at D:\Hackathons\hackathon-0\silver\.credentials\gmail-token.json. Run OAuth flow first.
============================================================
