
============================================================
Timestamp: 2026-02-08T02:09:42.927462
Content: Just hit a major milestone - 100+ automation projects completed! 🚀

Over the past year, we've helped businesses save an average of 15+ hours per week through intelligent automation.

The most common pain points we solve:
• Manual data entry and document processing
• Repetitive email responses and follow-ups
• Task coordination across multiple tools
• Report generation and data analysis

Our approach is simple:
1️⃣ Identify high-impact repetitive tasks
2️⃣ Build custom automation workflows
3️⃣ Train teams on the new systems
4️⃣ Measure and optimize results

Result? Teams focus on growth and innovation, not busywork.

What's one task you wish you could automate in your business? Drop a comment below - I'd love to discuss how we can help.

#BusinessAutomation #Productivity #AI #DigitalTransformation #SmallBusiness
Status: FAILED
Error: Timeout 60000ms exceeded.
============================================================

============================================================
Timestamp: 2026-02-08T02:16:22.679603
Content: Just hit a major milestone - 100+ automation projects completed! 🚀

Over the past year, we've helped businesses save an average of 15+ hours per week through intelligent automation.

The most common pain points we solve:
• Manual data entry and document processing
• Repetitive email responses and follow-ups
• Task coordination across multiple tools
• Report generation and data analysis

Our approach is simple:
1️⃣ Identify high-impact repetitive tasks
2️⃣ Build custom automation workflows
3️⃣ Train teams on the new systems
4️⃣ Measure and optimize results

Result? Teams focus on growth and innovation, not busywork.

What's one task you wish you could automate in your business? Drop a comment below - I'd love to discuss how we can help.

#BusinessAutomation #Productivity #AI #DigitalTransformation #SmallBusiness
Status: FAILED
Error: Timeout 60000ms exceeded.
============================================================

============================================================
Timestamp: 2026-02-08T13:39:10.131543
Content: Just hit a major milestone - 100+ automation projects completed! 🚀

Over the past year, we've helped businesses save an average of 15+ hours per week through intelligent automation.

The most common pain points we solve:
• Manual data entry and document processing
• Repetitive email responses and follow-ups
• Task coordination across multiple tools
• Report generation and data analysis

Our approach is simple:
1️⃣ Identify high-impact repetitive tasks
2️⃣ Build custom automation workflows
3️⃣ Train teams on the new systems
4️⃣ Measure and optimize results

Result? Teams focus on growth and innovation, not busywork.

What's one task you wish you could automate in your business? Drop a comment below - I'd love to discuss how we can help.

#BusinessAutomation #Productivity #AI #DigitalTransformation #SmallBusiness
Status: FAILED
Error: Timeout 60000ms exceeded.
============================================================

============================================================
Timestamp: 2026-02-08T13:48:25.726032
Content: Just hit a major milestone - 100+ automation projects completed! 🚀

Over the past year, we've helped businesses save an average of 15+ hours per week through intelligent automation.

The most common pain points we solve:
• Manual data entry and document processing
• Repetitive email responses and follow-ups
• Task coordination across multiple tools
• Report generation and data analysis

Our approach is simple:
1️⃣ Identify high-impact repetitive tasks
2️⃣ Build custom automation workflows
3️⃣ Train teams on the new systems
4️⃣ Measure and optimize results

Result? Teams focus on growth and innovation, not busywork.

What's one task you wish you could automate in your business? Drop a comment below - I'd love to discuss how we can help.

#BusinessAutomation #Productivity #AI #DigitalTransformation #SmallBusiness
Status: FAILED
Error: Timeout 60000ms exceeded.
============================================================

============================================================
Timestamp: 2026-02-08T13:56:09.482148
Content: Just hit a major milestone - 100+ automation projects completed! 🚀

Over the past year, we've helped businesses save an average of 15+ hours per week through intelligent automation.

The most common pain points we solve:
• Manual data entry and document processing
• Repetitive email responses and follow-ups
• Task coordination across multiple tools
• Report generation and data analysis

Our approach is simple:
1️⃣ Identify high-impact repetitive tasks
2️⃣ Build custom automation workflows
3️⃣ Train teams on the new systems
4️⃣ Measure and optimize results

Result? Teams focus on growth and innovation, not busywork.

What's one task you wish you could automate in your business? Drop a comment below - I'd love to discuss how we can help.

#BusinessAutomation #Productivity #AI #DigitalTransformation #SmallBusiness
Status: FAILED
Error: Timeout 60000ms exceeded.
============================================================

============================================================
Timestamp: 2026-02-08T14:11:10.633910
Content: Just hit a major milestone - 100+ automation projects completed! 🚀

Over the past year, we've helped businesses save an average of 15+ hours per week through intelligent automation.

The most common pain points we solve:
• Manual data entry and document processing
• Repetitive email responses and follow-ups
• Task coordination across multiple tools
• Report generation and data analysis

Our approach is simple:
1️⃣ Identify high-impact repetitive tasks
2️⃣ Build custom automation workflows
3️⃣ Train teams on the new systems
4️⃣ Measure and optimize results

Result? Teams focus on growth and innovation, not busywork.

What's one task you wish you could automate in your business? Drop a comment below - I'd love to discuss how we can help.

#BusinessAutomation #Productivity #AI #DigitalTransformation #SmallBusiness
Status: FAILED
Error: Timeout 60000ms exceeded.
============================================================

============================================================
Timestamp: 2026-02-08T14:19:13.516574
Content: Just hit a major milestone - 100+ automation projects completed! 🚀

Over the past year, we've helped businesses save an average of 15+ hours per week through intelligent automation.

The most common pain points we solve:
• Manual data entry and document processing
• Repetitive email responses and follow-ups
• Task coordination across multiple tools
• Report generation and data analysis

Our approach is simple:
1️⃣ Identify high-impact repetitive tasks
2️⃣ Build custom automation workflows
3️⃣ Train teams on the new systems
4️⃣ Measure and optimize results

Result? Teams focus on growth and innovation, not busywork.

What's one task you wish you could automate in your business? Drop a comment below - I'd love to discuss how we can help.

#BusinessAutomation #Productivity #AI #DigitalTransformation #SmallBusiness
Status: FAILED
Error: Timeout 60000ms exceeded.
============================================================

============================================================
Timestamp: 2026-02-08T14:26:14.084587
Content: Just hit a major milestone - 100+ automation projects completed! 🚀

Over the past year, we've helped businesses save an average of 15+ hours per week through intelligent automation.

The most common pain points we solve:
• Manual data entry and document processing
• Repetitive email responses and follow-ups
• Task coordination across multiple tools
• Report generation and data analysis

Our approach is simple:
1️⃣ Identify high-impact repetitive tasks
2️⃣ Build custom automation workflows
3️⃣ Train teams on the new systems
4️⃣ Measure and optimize results

Result? Teams focus on growth and innovation, not busywork.

What's one task you wish you could automate in your business? Drop a comment below - I'd love to discuss how we can help.

#BusinessAutomation #Productivity #AI #DigitalTransformation #SmallBusiness
Status: FAILED
Error: Timeout 60000ms exceeded.
============================================================

============================================================
Timestamp: 2026-02-08T14:33:24.143249
Content: Just hit a major milestone - 100+ automation projects completed! 🚀

Over the past year, we've helped businesses save an average of 15+ hours per week through intelligent automation.

The most common pain points we solve:
• Manual data entry and document processing
• Repetitive email responses and follow-ups
• Task coordination across multiple tools
• Report generation and data analysis

Our approach is simple:
1️⃣ Identify high-impact repetitive tasks
2️⃣ Build custom automation workflows
3️⃣ Train teams on the new systems
4️⃣ Measure and optimize results

Result? Teams focus on growth and innovation, not busywork.

What's one task you wish you could automate in your business? Drop a comment below - I'd love to discuss how we can help.

#BusinessAutomation #Productivity #AI #DigitalTransformation #SmallBusiness
Status: FAILED
Error: Timeout 60000ms exceeded.
============================================================

============================================================
Timestamp: 2026-02-08T14:40:21.317216
Content: Just hit a major milestone - 100+ automation projects completed! 🚀

Over the past year, we've helped businesses save an average of 15+ hours per week through intelligent automation.

The most common pain points we solve:
• Manual data entry and document processing
• Repetitive email responses and follow-ups
• Task coordination across multiple tools
• Report generation and data analysis

Our approach is simple:
1️⃣ Identify high-impact repetitive tasks
2️⃣ Build custom automation workflows
3️⃣ Train teams on the new systems
4️⃣ Measure and optimize results

Result? Teams focus on growth and innovation, not busywork.

What's one task you wish you could automate in your business? Drop a comment below - I'd love to discuss how we can help.

#BusinessAutomation #Productivity #AI #DigitalTransformation #SmallBusiness
Status: FAILED
Error: Timeout 60000ms exceeded.
============================================================

============================================================
Timestamp: 2026-02-08T14:47:19.005204
Content: Just hit a major milestone - 100+ automation projects completed! 🚀

Over the past year, we've helped businesses save an average of 15+ hours per week through intelligent automation.

The most common pain points we solve:
• Manual data entry and document processing
• Repetitive email responses and follow-ups
• Task coordination across multiple tools
• Report generation and data analysis

Our approach is simple:
1️⃣ Identify high-impact repetitive tasks
2️⃣ Build custom automation workflows
3️⃣ Train teams on the new systems
4️⃣ Measure and optimize results

Result? Teams focus on growth and innovation, not busywork.

What's one task you wish you could automate in your business? Drop a comment below - I'd love to discuss how we can help.

#BusinessAutomation #Productivity #AI #DigitalTransformation #SmallBusiness
Status: FAILED
Error: Timeout 60000ms exceeded.
============================================================

============================================================
Timestamp: 2026-02-08T14:54:18.965735
Content: Just hit a major milestone - 100+ automation projects completed! 🚀

Over the past year, we've helped businesses save an average of 15+ hours per week through intelligent automation.

The most common pain points we solve:
• Manual data entry and document processing
• Repetitive email responses and follow-ups
• Task coordination across multiple tools
• Report generation and data analysis

Our approach is simple:
1️⃣ Identify high-impact repetitive tasks
2️⃣ Build custom automation workflows
3️⃣ Train teams on the new systems
4️⃣ Measure and optimize results

Result? Teams focus on growth and innovation, not busywork.

What's one task you wish you could automate in your business? Drop a comment below - I'd love to discuss how we can help.

#BusinessAutomation #Productivity #AI #DigitalTransformation #SmallBusiness
Status: FAILED
Error: Timeout 60000ms exceeded.
============================================================

============================================================
Timestamp: 2026-02-08T15:01:01.824805
Content: Just hit a major milestone - 100+ automation projects completed! 🚀

Over the past year, we've helped businesses save an average of 15+ hours per week through intelligent automation.

The most common pain points we solve:
• Manual data entry and document processing
• Repetitive email responses and follow-ups
• Task coordination across multiple tools
• Report generation and data analysis

Our approach is simple:
1️⃣ Identify high-impact repetitive tasks
2️⃣ Build custom automation workflows
3️⃣ Train teams on the new systems
4️⃣ Measure and optimize results

Result? Teams focus on growth and innovation, not busywork.

What's one task you wish you could automate in your business? Drop a comment below - I'd love to discuss how we can help.

#BusinessAutomation #Productivity #AI #DigitalTransformation #SmallBusiness
Status: FAILED
Error: Timeout 60000ms exceeded.
============================================================

============================================================
Timestamp: 2026-02-08T15:07:31.688353
Content: Just hit a major milestone - 100+ automation projects completed! 🚀

Over the past year, we've helped businesses save an average of 15+ hours per week through intelligent automation.

The most common pain points we solve:
• Manual data entry and document processing
• Repetitive email responses and follow-ups
• Task coordination across multiple tools
• Report generation and data analysis

Our approach is simple:
1️⃣ Identify high-impact repetitive tasks
2️⃣ Build custom automation workflows
3️⃣ Train teams on the new systems
4️⃣ Measure and optimize results

Result? Teams focus on growth and innovation, not busywork.

What's one task you wish you could automate in your business? Drop a comment below - I'd love to discuss how we can help.

#BusinessAutomation #Productivity #AI #DigitalTransformation #SmallBusiness
Status: FAILED
Error: Timeout 60000ms exceeded.
============================================================

============================================================
Timestamp: 2026-02-08T15:14:03.044351
Content: Just hit a major milestone - 100+ automation projects completed! 🚀

Over the past year, we've helped businesses save an average of 15+ hours per week through intelligent automation.

The most common pain points we solve:
• Manual data entry and document processing
• Repetitive email responses and follow-ups
• Task coordination across multiple tools
• Report generation and data analysis

Our approach is simple:
1️⃣ Identify high-impact repetitive tasks
2️⃣ Build custom automation workflows
3️⃣ Train teams on the new systems
4️⃣ Measure and optimize results

Result? Teams focus on growth and innovation, not busywork.

What's one task you wish you could automate in your business? Drop a comment below - I'd love to discuss how we can help.

#BusinessAutomation #Productivity #AI #DigitalTransformation #SmallBusiness
Status: FAILED
Error: Timeout 60000ms exceeded.
============================================================

============================================================
Timestamp: 2026-02-08T15:19:58.330045
Content: Just hit a major milestone - 100+ automation projects completed! 🚀

Over the past year, we've helped businesses save an average of 15+ hours per week through intelligent automation.

The most common pain points we solve:
• Manual data entry and document processing
• Repetitive email responses and follow-ups
• Task coordination across multiple tools
• Report generation and data analysis

Our approach is simple:
1️⃣ Identify high-impact repetitive tasks
2️⃣ Build custom automation workflows
3️⃣ Train teams on the new systems
4️⃣ Measure and optimize results

Result? Teams focus on growth and innovation, not busywork.

What's one task you wish you could automate in your business? Drop a comment below - I'd love to discuss how we can help.

#BusinessAutomation #Productivity #AI #DigitalTransformation #SmallBusiness
Status: FAILED
Error: Timeout 30000ms exceeded.
============================================================

============================================================
Timestamp: 2026-02-08T15:26:24.973557
Content: Just hit a major milestone - 100+ automation projects completed! 🚀

Over the past year, we've helped businesses save an average of 15+ hours per week through intelligent automation.

The most common pain points we solve:
• Manual data entry and document processing
• Repetitive email responses and follow-ups
• Task coordination across multiple tools
• Report generation and data analysis

Our approach is simple:
1️⃣ Identify high-impact repetitive tasks
2️⃣ Build custom automation workflows
3️⃣ Train teams on the new systems
4️⃣ Measure and optimize results

Result? Teams focus on growth and innovation, not busywork.

What's one task you wish you could automate in your business? Drop a comment below - I'd love to discuss how we can help.

#BusinessAutomation #Productivity #AI #DigitalTransformation #SmallBusiness
Status: FAILED
Error: Timeout 60000ms exceeded.
============================================================

============================================================
Timestamp: 2026-02-08T15:32:52.979038
Content: Just hit a major milestone - 100+ automation projects completed! 🚀

Over the past year, we've helped businesses save an average of 15+ hours per week through intelligent automation.

The most common pain points we solve:
• Manual data entry and document processing
• Repetitive email responses and follow-ups
• Task coordination across multiple tools
• Report generation and data analysis

Our approach is simple:
1️⃣ Identify high-impact repetitive tasks
2️⃣ Build custom automation workflows
3️⃣ Train teams on the new systems
4️⃣ Measure and optimize results

Result? Teams focus on growth and innovation, not busywork.

What's one task you wish you could automate in your business? Drop a comment below - I'd love to discuss how we can help.

#BusinessAutomation #Productivity #AI #DigitalTransformation #SmallBusiness
Status: FAILED
Error: Timeout 60000ms exceeded.
============================================================

============================================================
Timestamp: 2026-02-08T19:33:48.928307
Content: Just hit a major milestone - 100+ automation projects completed! 🚀

Over the past year, we've helped businesses save an average of 15+ hours per week through intelligent automation.

The most common pain points we solve:
• Manual data entry and document processing
• Repetitive email responses and follow-ups
• Task coordination across multiple tools
• Report generation and data analysis

Our approach is simple:
1️⃣ Identify high-impact repetitive tasks
2️⃣ Build custom automation workflows
3️⃣ Train teams on the new systems
4️⃣ Measure and optimize results

Result? Teams focus on growth and innovation, not busywork.

What's one task you wish you could automate in your business? Drop a comment below - I'd love to discuss how we can help.

#BusinessAutomation #Productivity #AI #DigitalTransformation #SmallBusiness
Status: FAILED
Error: Timeout 60000ms exceeded.
============================================================

============================================================
Timestamp: 2026-02-08T19:40:22.236572
Content: Just hit a major milestone - 100+ automation projects completed! 🚀

Over the past year, we've helped businesses save an average of 15+ hours per week through intelligent automation.

The most common pain points we solve:
• Manual data entry and document processing
• Repetitive email responses and follow-ups
• Task coordination across multiple tools
• Report generation and data analysis

Our approach is simple:
1️⃣ Identify high-impact repetitive tasks
2️⃣ Build custom automation workflows
3️⃣ Train teams on the new systems
4️⃣ Measure and optimize results

Result? Teams focus on growth and innovation, not busywork.

What's one task you wish you could automate in your business? Drop a comment below - I'd love to discuss how we can help.

#BusinessAutomation #Productivity #AI #DigitalTransformation #SmallBusiness
Status: FAILED
Error: Timeout 60000ms exceeded.
============================================================

============================================================
Timestamp: 2026-02-08T19:47:03.546542
Content: Just hit a major milestone - 100+ automation projects completed! 🚀

Over the past year, we've helped businesses save an average of 15+ hours per week through intelligent automation.

The most common pain points we solve:
• Manual data entry and document processing
• Repetitive email responses and follow-ups
• Task coordination across multiple tools
• Report generation and data analysis

Our approach is simple:
1️⃣ Identify high-impact repetitive tasks
2️⃣ Build custom automation workflows
3️⃣ Train teams on the new systems
4️⃣ Measure and optimize results

Result? Teams focus on growth and innovation, not busywork.

What's one task you wish you could automate in your business? Drop a comment below - I'd love to discuss how we can help.

#BusinessAutomation #Productivity #AI #DigitalTransformation #SmallBusiness
Status: FAILED
Error: Timeout 60000ms exceeded.
============================================================

============================================================
Timestamp: 2026-02-08T19:54:09.197455
Content: Just hit a major milestone - 100+ automation projects completed! 🚀

Over the past year, we've helped businesses save an average of 15+ hours per week through intelligent automation.

The most common pain points we solve:
• Manual data entry and document processing
• Repetitive email responses and follow-ups
• Task coordination across multiple tools
• Report generation and data analysis

Our approach is simple:
1️⃣ Identify high-impact repetitive tasks
2️⃣ Build custom automation workflows
3️⃣ Train teams on the new systems
4️⃣ Measure and optimize results

Result? Teams focus on growth and innovation, not busywork.

What's one task you wish you could automate in your business? Drop a comment below - I'd love to discuss how we can help.

#BusinessAutomation #Productivity #AI #DigitalTransformation #SmallBusiness
Status: FAILED
Error: Timeout 60000ms exceeded.
============================================================

============================================================
Timestamp: 2026-02-08T20:02:09.460961
Content: Just hit a major milestone - 100+ automation projects completed! 🚀

Over the past year, we've helped businesses save an average of 15+ hours per week through intelligent automation.

The most common pain points we solve:
• Manual data entry and document processing
• Repetitive email responses and follow-ups
• Task coordination across multiple tools
• Report generation and data analysis

Our approach is simple:
1️⃣ Identify high-impact repetitive tasks
2️⃣ Build custom automation workflows
3️⃣ Train teams on the new systems
4️⃣ Measure and optimize results

Result? Teams focus on growth and innovation, not busywork.

What's one task you wish you could automate in your business? Drop a comment below - I'd love to discuss how we can help.

#BusinessAutomation #Productivity #AI #DigitalTransformation #SmallBusiness
Status: FAILED
Error: Timeout 60000ms exceeded.
============================================================

============================================================
Timestamp: 2026-02-08T20:08:44.268539
Content: Just hit a major milestone - 100+ automation projects completed! 🚀

Over the past year, we've helped businesses save an average of 15+ hours per week through intelligent automation.

The most common pain points we solve:
• Manual data entry and document processing
• Repetitive email responses and follow-ups
• Task coordination across multiple tools
• Report generation and data analysis

Our approach is simple:
1️⃣ Identify high-impact repetitive tasks
2️⃣ Build custom automation workflows
3️⃣ Train teams on the new systems
4️⃣ Measure and optimize results

Result? Teams focus on growth and innovation, not busywork.

What's one task you wish you could automate in your business? Drop a comment below - I'd love to discuss how we can help.

#BusinessAutomation #Productivity #AI #DigitalTransformation #SmallBusiness
Status: FAILED
Error: Timeout 60000ms exceeded.
============================================================

============================================================
Timestamp: 2026-02-08T20:15:43.454042
Content: Just hit a major milestone - 100+ automation projects completed! 🚀

Over the past year, we've helped businesses save an average of 15+ hours per week through intelligent automation.

The most common pain points we solve:
• Manual data entry and document processing
• Repetitive email responses and follow-ups
• Task coordination across multiple tools
• Report generation and data analysis

Our approach is simple:
1️⃣ Identify high-impact repetitive tasks
2️⃣ Build custom automation workflows
3️⃣ Train teams on the new systems
4️⃣ Measure and optimize results

Result? Teams focus on growth and innovation, not busywork.

What's one task you wish you could automate in your business? Drop a comment below - I'd love to discuss how we can help.

#BusinessAutomation #Productivity #AI #DigitalTransformation #SmallBusiness
Status: FAILED
Error: Timeout 30000ms exceeded.
============================================================

============================================================
Timestamp: 2026-02-08T20:23:51.256176
Content: Just hit a major milestone - 100+ automation projects completed! 🚀

Over the past year, we've helped businesses save an average of 15+ hours per week through intelligent automation.

The most common pain points we solve:
• Manual data entry and document processing
• Repetitive email responses and follow-ups
• Task coordination across multiple tools
• Report generation and data analysis

Our approach is simple:
1️⃣ Identify high-impact repetitive tasks
2️⃣ Build custom automation workflows
3️⃣ Train teams on the new systems
4️⃣ Measure and optimize results

Result? Teams focus on growth and innovation, not busywork.

What's one task you wish you could automate in your business? Drop a comment below - I'd love to discuss how we can help.

#BusinessAutomation #Productivity #AI #DigitalTransformation #SmallBusiness
Status: FAILED
Error: Timeout 60000ms exceeded.
============================================================

============================================================
Timestamp: 2026-02-08T20:31:55.869044
Content: Just hit a major milestone - 100+ automation projects completed! 🚀

Over the past year, we've helped businesses save an average of 15+ hours per week through intelligent automation.

The most common pain points we solve:
• Manual data entry and document processing
• Repetitive email responses and follow-ups
• Task coordination across multiple tools
• Report generation and data analysis

Our approach is simple:
1️⃣ Identify high-impact repetitive tasks
2️⃣ Build custom automation workflows
3️⃣ Train teams on the new systems
4️⃣ Measure and optimize results

Result? Teams focus on growth and innovation, not busywork.

What's one task you wish you could automate in your business? Drop a comment below - I'd love to discuss how we can help.

#BusinessAutomation #Productivity #AI #DigitalTransformation #SmallBusiness
Status: FAILED
Error: Timeout 60000ms exceeded.
============================================================

============================================================
Timestamp: 2026-02-08T20:38:23.119574
Content: Just hit a major milestone - 100+ automation projects completed! 🚀

Over the past year, we've helped businesses save an average of 15+ hours per week through intelligent automation.

The most common pain points we solve:
• Manual data entry and document processing
• Repetitive email responses and follow-ups
• Task coordination across multiple tools
• Report generation and data analysis

Our approach is simple:
1️⃣ Identify high-impact repetitive tasks
2️⃣ Build custom automation workflows
3️⃣ Train teams on the new systems
4️⃣ Measure and optimize results

Result? Teams focus on growth and innovation, not busywork.

What's one task you wish you could automate in your business? Drop a comment below - I'd love to discuss how we can help.

#BusinessAutomation #Productivity #AI #DigitalTransformation #SmallBusiness
Status: FAILED
Error: Timeout 60000ms exceeded.
============================================================

============================================================
Timestamp: 2026-02-08T20:45:02.445520
Content: Just hit a major milestone - 100+ automation projects completed! 🚀

Over the past year, we've helped businesses save an average of 15+ hours per week through intelligent automation.

The most common pain points we solve:
• Manual data entry and document processing
• Repetitive email responses and follow-ups
• Task coordination across multiple tools
• Report generation and data analysis

Our approach is simple:
1️⃣ Identify high-impact repetitive tasks
2️⃣ Build custom automation workflows
3️⃣ Train teams on the new systems
4️⃣ Measure and optimize results

Result? Teams focus on growth and innovation, not busywork.

What's one task you wish you could automate in your business? Drop a comment below - I'd love to discuss how we can help.

#BusinessAutomation #Productivity #AI #DigitalTransformation #SmallBusiness
Status: FAILED
Error: Timeout 60000ms exceeded.
============================================================

============================================================
Timestamp: 2026-02-08T20:51:23.743091
Content: Just hit a major milestone - 100+ automation projects completed! 🚀

Over the past year, we've helped businesses save an average of 15+ hours per week through intelligent automation.

The most common pain points we solve:
• Manual data entry and document processing
• Repetitive email responses and follow-ups
• Task coordination across multiple tools
• Report generation and data analysis

Our approach is simple:
1️⃣ Identify high-impact repetitive tasks
2️⃣ Build custom automation workflows
3️⃣ Train teams on the new systems
4️⃣ Measure and optimize results

Result? Teams focus on growth and innovation, not busywork.

What's one task you wish you could automate in your business? Drop a comment below - I'd love to discuss how we can help.

#BusinessAutomation #Productivity #AI #DigitalTransformation #SmallBusiness
Status: FAILED
Error: Timeout 60000ms exceeded.
============================================================

============================================================
Timestamp: 2026-02-08T20:58:04.073831
Content: Just hit a major milestone - 100+ automation projects completed! 🚀

Over the past year, we've helped businesses save an average of 15+ hours per week through intelligent automation.

The most common pain points we solve:
• Manual data entry and document processing
• Repetitive email responses and follow-ups
• Task coordination across multiple tools
• Report generation and data analysis

Our approach is simple:
1️⃣ Identify high-impact repetitive tasks
2️⃣ Build custom automation workflows
3️⃣ Train teams on the new systems
4️⃣ Measure and optimize results

Result? Teams focus on growth and innovation, not busywork.

What's one task you wish you could automate in your business? Drop a comment below - I'd love to discuss how we can help.

#BusinessAutomation #Productivity #AI #DigitalTransformation #SmallBusiness
Status: FAILED
Error: Timeout 60000ms exceeded.
============================================================

============================================================
Timestamp: 2026-02-08T21:05:02.468465
Content: Just hit a major milestone - 100+ automation projects completed! 🚀

Over the past year, we've helped businesses save an average of 15+ hours per week through intelligent automation.

The most common pain points we solve:
• Manual data entry and document processing
• Repetitive email responses and follow-ups
• Task coordination across multiple tools
• Report generation and data analysis

Our approach is simple:
1️⃣ Identify high-impact repetitive tasks
2️⃣ Build custom automation workflows
3️⃣ Train teams on the new systems
4️⃣ Measure and optimize results

Result? Teams focus on growth and innovation, not busywork.

What's one task you wish you could automate in your business? Drop a comment below - I'd love to discuss how we can help.

#BusinessAutomation #Productivity #AI #DigitalTransformation #SmallBusiness
Status: FAILED
Error: Timeout 60000ms exceeded.
============================================================

============================================================
Timestamp: 2026-02-08T21:12:14.416269
Content: Just hit a major milestone - 100+ automation projects completed! 🚀

Over the past year, we've helped businesses save an average of 15+ hours per week through intelligent automation.

The most common pain points we solve:
• Manual data entry and document processing
• Repetitive email responses and follow-ups
• Task coordination across multiple tools
• Report generation and data analysis

Our approach is simple:
1️⃣ Identify high-impact repetitive tasks
2️⃣ Build custom automation workflows
3️⃣ Train teams on the new systems
4️⃣ Measure and optimize results

Result? Teams focus on growth and innovation, not busywork.

What's one task you wish you could automate in your business? Drop a comment below - I'd love to discuss how we can help.

#BusinessAutomation #Productivity #AI #DigitalTransformation #SmallBusiness
Status: FAILED
Error: Timeout 60000ms exceeded.
============================================================

============================================================
Timestamp: 2026-02-08T21:18:36.208693
Content: Just hit a major milestone - 100+ automation projects completed! 🚀

Over the past year, we've helped businesses save an average of 15+ hours per week through intelligent automation.

The most common pain points we solve:
• Manual data entry and document processing
• Repetitive email responses and follow-ups
• Task coordination across multiple tools
• Report generation and data analysis

Our approach is simple:
1️⃣ Identify high-impact repetitive tasks
2️⃣ Build custom automation workflows
3️⃣ Train teams on the new systems
4️⃣ Measure and optimize results

Result? Teams focus on growth and innovation, not busywork.

What's one task you wish you could automate in your business? Drop a comment below - I'd love to discuss how we can help.

#BusinessAutomation #Productivity #AI #DigitalTransformation #SmallBusiness
Status: FAILED
Error: Timeout 60000ms exceeded.
============================================================

============================================================
Timestamp: 2026-02-08T21:24:28.356550
Content: Just hit a major milestone - 100+ automation projects completed! 🚀

Over the past year, we've helped businesses save an average of 15+ hours per week through intelligent automation.

The most common pain points we solve:
• Manual data entry and document processing
• Repetitive email responses and follow-ups
• Task coordination across multiple tools
• Report generation and data analysis

Our approach is simple:
1️⃣ Identify high-impact repetitive tasks
2️⃣ Build custom automation workflows
3️⃣ Train teams on the new systems
4️⃣ Measure and optimize results

Result? Teams focus on growth and innovation, not busywork.

What's one task you wish you could automate in your business? Drop a comment below - I'd love to discuss how we can help.

#BusinessAutomation #Productivity #AI #DigitalTransformation #SmallBusiness
Status: FAILED
Error: Timeout 30000ms exceeded.
============================================================

============================================================
Timestamp: 2026-02-08T21:31:27.675175
Content: Just hit a major milestone - 100+ automation projects completed! 🚀

Over the past year, we've helped businesses save an average of 15+ hours per week through intelligent automation.

The most common pain points we solve:
• Manual data entry and document processing
• Repetitive email responses and follow-ups
• Task coordination across multiple tools
• Report generation and data analysis

Our approach is simple:
1️⃣ Identify high-impact repetitive tasks
2️⃣ Build custom automation workflows
3️⃣ Train teams on the new systems
4️⃣ Measure and optimize results

Result? Teams focus on growth and innovation, not busywork.

What's one task you wish you could automate in your business? Drop a comment below - I'd love to discuss how we can help.

#BusinessAutomation #Productivity #AI #DigitalTransformation #SmallBusiness
Status: FAILED
Error: Timeout 60000ms exceeded.
============================================================

============================================================
Timestamp: 2026-02-08T21:40:15.136303
Content: Just hit a major milestone - 100+ automation projects completed! 🚀

Over the past year, we've helped businesses save an average of 15+ hours per week through intelligent automation.

The most common pain points we solve:
• Manual data entry and document processing
• Repetitive email responses and follow-ups
• Task coordination across multiple tools
• Report generation and data analysis

Our approach is simple:
1️⃣ Identify high-impact repetitive tasks
2️⃣ Build custom automation workflows
3️⃣ Train teams on the new systems
4️⃣ Measure and optimize results

Result? Teams focus on growth and innovation, not busywork.

What's one task you wish you could automate in your business? Drop a comment below - I'd love to discuss how we can help.

#BusinessAutomation #Productivity #AI #DigitalTransformation #SmallBusiness
Status: FAILED
Error: Timeout 60000ms exceeded.
============================================================

============================================================
Timestamp: 2026-02-08T21:46:41.664096
Content: Just hit a major milestone - 100+ automation projects completed! 🚀

Over the past year, we've helped businesses save an average of 15+ hours per week through intelligent automation.

The most common pain points we solve:
• Manual data entry and document processing
• Repetitive email responses and follow-ups
• Task coordination across multiple tools
• Report generation and data analysis

Our approach is simple:
1️⃣ Identify high-impact repetitive tasks
2️⃣ Build custom automation workflows
3️⃣ Train teams on the new systems
4️⃣ Measure and optimize results

Result? Teams focus on growth and innovation, not busywork.

What's one task you wish you could automate in your business? Drop a comment below - I'd love to discuss how we can help.

#BusinessAutomation #Productivity #AI #DigitalTransformation #SmallBusiness
Status: FAILED
Error: Timeout 60000ms exceeded.
============================================================

============================================================
Timestamp: 2026-02-08T21:55:01.824481
Content: Just hit a major milestone - 100+ automation projects completed! 🚀

Over the past year, we've helped businesses save an average of 15+ hours per week through intelligent automation.

The most common pain points we solve:
• Manual data entry and document processing
• Repetitive email responses and follow-ups
• Task coordination across multiple tools
• Report generation and data analysis

Our approach is simple:
1️⃣ Identify high-impact repetitive tasks
2️⃣ Build custom automation workflows
3️⃣ Train teams on the new systems
4️⃣ Measure and optimize results

Result? Teams focus on growth and innovation, not busywork.

What's one task you wish you could automate in your business? Drop a comment below - I'd love to discuss how we can help.

#BusinessAutomation #Productivity #AI #DigitalTransformation #SmallBusiness
Status: FAILED
Error: Timeout 60000ms exceeded.
============================================================

============================================================
Timestamp: 2026-02-08T22:02:45.661129
Content: Just hit a major milestone - 100+ automation projects completed! 🚀

Over the past year, we've helped businesses save an average of 15+ hours per week through intelligent automation.

The most common pain points we solve:
• Manual data entry and document processing
• Repetitive email responses and follow-ups
• Task coordination across multiple tools
• Report generation and data analysis

Our approach is simple:
1️⃣ Identify high-impact repetitive tasks
2️⃣ Build custom automation workflows
3️⃣ Train teams on the new systems
4️⃣ Measure and optimize results

Result? Teams focus on growth and innovation, not busywork.

What's one task you wish you could automate in your business? Drop a comment below - I'd love to discuss how we can help.

#BusinessAutomation #Productivity #AI #DigitalTransformation #SmallBusiness
Status: FAILED
Error: Timeout 60000ms exceeded.
============================================================

============================================================
Timestamp: 2026-02-08T22:08:52.217544
Content: Just hit a major milestone - 100+ automation projects completed! 🚀

Over the past year, we've helped businesses save an average of 15+ hours per week through intelligent automation.

The most common pain points we solve:
• Manual data entry and document processing
• Repetitive email responses and follow-ups
• Task coordination across multiple tools
• Report generation and data analysis

Our approach is simple:
1️⃣ Identify high-impact repetitive tasks
2️⃣ Build custom automation workflows
3️⃣ Train teams on the new systems
4️⃣ Measure and optimize results

Result? Teams focus on growth and innovation, not busywork.

What's one task you wish you could automate in your business? Drop a comment below - I'd love to discuss how we can help.

#BusinessAutomation #Productivity #AI #DigitalTransformation #SmallBusiness
Status: FAILED
Error: Timeout 30000ms exceeded.
============================================================

============================================================
Timestamp: 2026-02-08T22:15:03.012981
Content: Just hit a major milestone - 100+ automation projects completed! 🚀

Over the past year, we've helped businesses save an average of 15+ hours per week through intelligent automation.

The most common pain points we solve:
• Manual data entry and document processing
• Repetitive email responses and follow-ups
• Task coordination across multiple tools
• Report generation and data analysis

Our approach is simple:
1️⃣ Identify high-impact repetitive tasks
2️⃣ Build custom automation workflows
3️⃣ Train teams on the new systems
4️⃣ Measure and optimize results

Result? Teams focus on growth and innovation, not busywork.

What's one task you wish you could automate in your business? Drop a comment below - I'd love to discuss how we can help.

#BusinessAutomation #Productivity #AI #DigitalTransformation #SmallBusiness
Status: FAILED
Error: Timeout 30000ms exceeded.
============================================================

============================================================
Timestamp: 2026-02-08T22:30:04.938214
Content: Just hit a major milestone - 100+ automation projects completed! 🚀

Over the past year, we've helped businesses save an average of 15+ hours per week through intelligent automation.

The most common pain points we solve:
• Manual data entry and document processing
• Repetitive email responses and follow-ups
• Task coordination across multiple tools
• Report generation and data analysis

Our approach is simple:
1️⃣ Identify high-impact repetitive tasks
2️⃣ Build custom automation workflows
3️⃣ Train teams on the new systems
4️⃣ Measure and optimize results

Result? Teams focus on growth and innovation, not busywork.

What's one task you wish you could automate in your business? Drop a comment below - I'd love to discuss how we can help.

#BusinessAutomation #Productivity #AI #DigitalTransformation #SmallBusiness
Status: FAILED
Error: Timeout 60000ms exceeded.
============================================================

============================================================
Timestamp: 2026-02-08T22:37:05.752939
Content: Just hit a major milestone - 100+ automation projects completed! 🚀

Over the past year, we've helped businesses save an average of 15+ hours per week through intelligent automation.

The most common pain points we solve:
• Manual data entry and document processing
• Repetitive email responses and follow-ups
• Task coordination across multiple tools
• Report generation and data analysis

Our approach is simple:
1️⃣ Identify high-impact repetitive tasks
2️⃣ Build custom automation workflows
3️⃣ Train teams on the new systems
4️⃣ Measure and optimize results

Result? Teams focus on growth and innovation, not busywork.

What's one task you wish you could automate in your business? Drop a comment below - I'd love to discuss how we can help.

#BusinessAutomation #Productivity #AI #DigitalTransformation #SmallBusiness
Status: FAILED
Error: Timeout 30000ms exceeded.
============================================================

============================================================
Timestamp: 2026-02-08T22:47:01.343523
Content: Just hit a major milestone - 100+ automation projects completed! 🚀

Over the past year, we've helped businesses save an average of 15+ hours per week through intelligent automation.

The most common pain points we solve:
• Manual data entry and document processing
• Repetitive email responses and follow-ups
• Task coordination across multiple tools
• Report generation and data analysis

Our approach is simple:
1️⃣ Identify high-impact repetitive tasks
2️⃣ Build custom automation workflows
3️⃣ Train teams on the new systems
4️⃣ Measure and optimize results

Result? Teams focus on growth and innovation, not busywork.

What's one task you wish you could automate in your business? Drop a comment below - I'd love to discuss how we can help.

#BusinessAutomation #Productivity #AI #DigitalTransformation #SmallBusiness
Status: FAILED
Error: Timeout 60000ms exceeded.
============================================================

============================================================
Timestamp: 2026-02-08T22:56:14.525755
Content: Just hit a major milestone - 100+ automation projects completed! 🚀

Over the past year, we've helped businesses save an average of 15+ hours per week through intelligent automation.

The most common pain points we solve:
• Manual data entry and document processing
• Repetitive email responses and follow-ups
• Task coordination across multiple tools
• Report generation and data analysis

Our approach is simple:
1️⃣ Identify high-impact repetitive tasks
2️⃣ Build custom automation workflows
3️⃣ Train teams on the new systems
4️⃣ Measure and optimize results

Result? Teams focus on growth and innovation, not busywork.

What's one task you wish you could automate in your business? Drop a comment below - I'd love to discuss how we can help.

#BusinessAutomation #Productivity #AI #DigitalTransformation #SmallBusiness
Status: FAILED
Error: Timeout 60000ms exceeded.
============================================================

============================================================
Timestamp: 2026-02-08T23:03:22.829743
Content: Just hit a major milestone - 100+ automation projects completed! 🚀

Over the past year, we've helped businesses save an average of 15+ hours per week through intelligent automation.

The most common pain points we solve:
• Manual data entry and document processing
• Repetitive email responses and follow-ups
• Task coordination across multiple tools
• Report generation and data analysis

Our approach is simple:
1️⃣ Identify high-impact repetitive tasks
2️⃣ Build custom automation workflows
3️⃣ Train teams on the new systems
4️⃣ Measure and optimize results

Result? Teams focus on growth and innovation, not busywork.

What's one task you wish you could automate in your business? Drop a comment below - I'd love to discuss how we can help.

#BusinessAutomation #Productivity #AI #DigitalTransformation #SmallBusiness
Status: FAILED
Error: Timeout 60000ms exceeded.
============================================================

============================================================
Timestamp: 2026-02-08T23:10:37.738387
Content: Just hit a major milestone - 100+ automation projects completed! 🚀

Over the past year, we've helped businesses save an average of 15+ hours per week through intelligent automation.

The most common pain points we solve:
• Manual data entry and document processing
• Repetitive email responses and follow-ups
• Task coordination across multiple tools
• Report generation and data analysis

Our approach is simple:
1️⃣ Identify high-impact repetitive tasks
2️⃣ Build custom automation workflows
3️⃣ Train teams on the new systems
4️⃣ Measure and optimize results

Result? Teams focus on growth and innovation, not busywork.

What's one task you wish you could automate in your business? Drop a comment below - I'd love to discuss how we can help.

#BusinessAutomation #Productivity #AI #DigitalTransformation #SmallBusiness
Status: FAILED
Error: Timeout 60000ms exceeded.
============================================================

============================================================
Timestamp: 2026-02-08T23:17:11.613334
Content: Just hit a major milestone - 100+ automation projects completed! 🚀

Over the past year, we've helped businesses save an average of 15+ hours per week through intelligent automation.

The most common pain points we solve:
• Manual data entry and document processing
• Repetitive email responses and follow-ups
• Task coordination across multiple tools
• Report generation and data analysis

Our approach is simple:
1️⃣ Identify high-impact repetitive tasks
2️⃣ Build custom automation workflows
3️⃣ Train teams on the new systems
4️⃣ Measure and optimize results

Result? Teams focus on growth and innovation, not busywork.

What's one task you wish you could automate in your business? Drop a comment below - I'd love to discuss how we can help.

#BusinessAutomation #Productivity #AI #DigitalTransformation #SmallBusiness
Status: FAILED
Error: Timeout 60000ms exceeded.
============================================================

============================================================
Timestamp: 2026-02-08T23:24:11.514864
Content: Just hit a major milestone - 100+ automation projects completed! 🚀

Over the past year, we've helped businesses save an average of 15+ hours per week through intelligent automation.

The most common pain points we solve:
• Manual data entry and document processing
• Repetitive email responses and follow-ups
• Task coordination across multiple tools
• Report generation and data analysis

Our approach is simple:
1️⃣ Identify high-impact repetitive tasks
2️⃣ Build custom automation workflows
3️⃣ Train teams on the new systems
4️⃣ Measure and optimize results

Result? Teams focus on growth and innovation, not busywork.

What's one task you wish you could automate in your business? Drop a comment below - I'd love to discuss how we can help.

#BusinessAutomation #Productivity #AI #DigitalTransformation #SmallBusiness
Status: FAILED
Error: Timeout 60000ms exceeded.
============================================================

============================================================
Timestamp: 2026-02-08T23:30:43.753898
Content: Just hit a major milestone - 100+ automation projects completed! 🚀

Over the past year, we've helped businesses save an average of 15+ hours per week through intelligent automation.

The most common pain points we solve:
• Manual data entry and document processing
• Repetitive email responses and follow-ups
• Task coordination across multiple tools
• Report generation and data analysis

Our approach is simple:
1️⃣ Identify high-impact repetitive tasks
2️⃣ Build custom automation workflows
3️⃣ Train teams on the new systems
4️⃣ Measure and optimize results

Result? Teams focus on growth and innovation, not busywork.

What's one task you wish you could automate in your business? Drop a comment below - I'd love to discuss how we can help.

#BusinessAutomation #Productivity #AI #DigitalTransformation #SmallBusiness
Status: FAILED
Error: Timeout 30000ms exceeded.
============================================================

============================================================
Timestamp: 2026-02-08T23:38:04.594111
Content: Just hit a major milestone - 100+ automation projects completed! 🚀

Over the past year, we've helped businesses save an average of 15+ hours per week through intelligent automation.

The most common pain points we solve:
• Manual data entry and document processing
• Repetitive email responses and follow-ups
• Task coordination across multiple tools
• Report generation and data analysis

Our approach is simple:
1️⃣ Identify high-impact repetitive tasks
2️⃣ Build custom automation workflows
3️⃣ Train teams on the new systems
4️⃣ Measure and optimize results

Result? Teams focus on growth and innovation, not busywork.

What's one task you wish you could automate in your business? Drop a comment below - I'd love to discuss how we can help.

#BusinessAutomation #Productivity #AI #DigitalTransformation #SmallBusiness
Status: FAILED
Error: Timeout 60000ms exceeded.
============================================================

============================================================
Timestamp: 2026-02-08T23:44:52.118412
Content: Just hit a major milestone - 100+ automation projects completed! 🚀

Over the past year, we've helped businesses save an average of 15+ hours per week through intelligent automation.

The most common pain points we solve:
• Manual data entry and document processing
• Repetitive email responses and follow-ups
• Task coordination across multiple tools
• Report generation and data analysis

Our approach is simple:
1️⃣ Identify high-impact repetitive tasks
2️⃣ Build custom automation workflows
3️⃣ Train teams on the new systems
4️⃣ Measure and optimize results

Result? Teams focus on growth and innovation, not busywork.

What's one task you wish you could automate in your business? Drop a comment below - I'd love to discuss how we can help.

#BusinessAutomation #Productivity #AI #DigitalTransformation #SmallBusiness
Status: FAILED
Error: Timeout 60000ms exceeded.
============================================================

============================================================
Timestamp: 2026-02-08T23:52:05.068807
Content: Just hit a major milestone - 100+ automation projects completed! 🚀

Over the past year, we've helped businesses save an average of 15+ hours per week through intelligent automation.

The most common pain points we solve:
• Manual data entry and document processing
• Repetitive email responses and follow-ups
• Task coordination across multiple tools
• Report generation and data analysis

Our approach is simple:
1️⃣ Identify high-impact repetitive tasks
2️⃣ Build custom automation workflows
3️⃣ Train teams on the new systems
4️⃣ Measure and optimize results

Result? Teams focus on growth and innovation, not busywork.

What's one task you wish you could automate in your business? Drop a comment below - I'd love to discuss how we can help.

#BusinessAutomation #Productivity #AI #DigitalTransformation #SmallBusiness
Status: FAILED
Error: Timeout 60000ms exceeded.
============================================================

============================================================
Timestamp: 2026-02-08T23:58:25.924521
Content: Just hit a major milestone - 100+ automation projects completed! 🚀

Over the past year, we've helped businesses save an average of 15+ hours per week through intelligent automation.

The most common pain points we solve:
• Manual data entry and document processing
• Repetitive email responses and follow-ups
• Task coordination across multiple tools
• Report generation and data analysis

Our approach is simple:
1️⃣ Identify high-impact repetitive tasks
2️⃣ Build custom automation workflows
3️⃣ Train teams on the new systems
4️⃣ Measure and optimize results

Result? Teams focus on growth and innovation, not busywork.

What's one task you wish you could automate in your business? Drop a comment below - I'd love to discuss how we can help.

#BusinessAutomation #Productivity #AI #DigitalTransformation #SmallBusiness
Status: FAILED
Error: Timeout 30000ms exceeded.
============================================================
