2026-02-06 01:26:51 +05:00: [INFO] File watcher started
2026-02-06 01:26:51 +05:00: [INFO] Monitoring: /mnt/d/Hackathons/hackathon-0/silver/vault/Inbox
2026-02-06 01:26:51 +05:00: [INFO] Supported types: .txt, .md, .pdf, .png, .jpg, .jpeg
2026-02-06 01:26:51 +05:00: [INFO] Press Ctrl+C to stop
2026-02-06 01:41:53 +05:00: [INFO] Stopping file watcher...
2026-02-06 01:41:53 +05:00: [INFO] File watcher stopped
2026-02-06 01:42:41 +05:00: [INFO] File watcher started
2026-02-06 01:42:41 +05:00: [INFO] Monitoring: /mnt/d/Hackathons/hackathon-0/silver/vault/Inbox
2026-02-06 01:42:41 +05:00: [INFO] Supported types: .txt, .md, .pdf, .png, .jpg, .jpeg
2026-02-06 01:42:41 +05:00: [INFO] Press Ctrl+C to stop
2026-02-06 04:28:11 +05:00: [INFO] Stopping file watcher...
2026-02-06 04:28:11 +05:00: [INFO] File watcher stopped
2026-02-06 04:28:24 +05:00: [INFO] File watcher started
2026-02-06 04:28:24 +05:00: [INFO] Monitoring: /mnt/d/Hackathons/hackathon-0/silver/vault/Inbox
2026-02-06 04:28:24 +05:00: [INFO] Supported types: .txt, .md, .pdf, .png, .jpg, .jpeg
2026-02-06 04:28:24 +05:00: [INFO] Press Ctrl+C to stop
2026-02-06 04:30:21 +05:00: [INFO] Stopping file watcher...
2026-02-06 04:30:21 +05:00: [INFO] File watcher stopped
2026-02-06 04:34:49 +05:00: [INFO] File watcher started
2026-02-06 04:34:49 +05:00: [INFO] Monitoring: /mnt/d/Hackathons/hackathon-0/silver/vault/Inbox
2026-02-06 04:34:49 +05:00: [INFO] Supported types: .txt, .md, .pdf, .png, .jpg, .jpeg
2026-02-06 04:34:49 +05:00: [INFO] Press Ctrl+C to stop
2026-02-06 04:41:53 +05:00: [INFO] Stopping file watcher...
2026-02-06 04:41:53 +05:00: [INFO] File watcher stopped
2026-02-06 04:42:03 +05:00: [INFO] File watcher started
2026-02-06 04:42:03 +05:00: [INFO] Monitoring: /mnt/d/Hackathons/hackathon-0/silver/vault/Inbox
2026-02-06 04:42:03 +05:00: [INFO] Supported types: .txt, .md, .pdf, .png, .jpg, .jpeg
2026-02-06 04:42:03 +05:00: [INFO] Press Ctrl+C to stop
2026-02-06 04:47:33 +05:00: [INFO] Stopping file watcher...
2026-02-06 04:47:33 +05:00: [INFO] File watcher stopped
2026-02-06 04:48:17 +05:00: [INFO] File watcher started
2026-02-06 04:48:17 +05:00: [INFO] Monitoring: /mnt/d/Hackathons/hackathon-0/silver/vault/Inbox
2026-02-06 04:48:17 +05:00: [INFO] Supported types: .txt, .md, .pdf, .png, .jpg, .jpeg
2026-02-06 04:48:17 +05:00: [INFO] Press Ctrl+C to stop
2026-02-11 13:42:21 +05:00: [INFO] File watcher started
2026-02-11 13:42:21 +05:00: [INFO] Monitoring: /mnt/d/Hackathons/hackathon-0/silver/vault/Inbox
2026-02-11 13:42:21 +05:00: [INFO] Supported types: .txt, .md, .pdf, .png, .jpg, .jpeg
2026-02-11 13:42:21 +05:00: [INFO] Press Ctrl+C to stop
2026-02-11 21:23:01 +05:00: [INFO] Stopping file watcher...
2026-02-11 21:23:01 +05:00: [INFO] File watcher stopped
2026-02-11 21:25:21 +05:00: [INFO] File watcher started
2026-02-11 21:25:21 +05:00: [INFO] Monitoring: /mnt/d/Hackathons/hackathon-0/silver/vault/Inbox
2026-02-11 21:25:21 +05:00: [INFO] Supported types: .txt, .md, .pdf, .png, .jpg, .jpeg
2026-02-11 21:25:21 +05:00: [INFO] Press Ctrl+C to stop
2026-02-12 01:19:07 +05:00: [INFO] File watcher started
2026-02-12 01:19:07 +05:00: [INFO] Monitoring: /mnt/d/Hackathons/hackathon-0/silver/vault/Inbox
2026-02-12 01:19:07 +05:00: [INFO] Supported types: .txt, .md, .pdf, .png, .jpg, .jpeg
2026-02-12 01:19:07 +05:00: [INFO] Press Ctrl+C to stop
2026-02-12 01:24:33 +05:00: [INFO] Stopping file watcher...
2026-02-12 01:24:33 +05:00: [INFO] File watcher stopped
2026-02-12 01:26:15 +05:00: [INFO] File watcher started
2026-02-12 01:26:15 +05:00: [INFO] Monitoring: /mnt/d/Hackathons/hackathon-0/silver/vault/Inbox
2026-02-12 01:26:15 +05:00: [INFO] Supported types: .txt, .md, .pdf, .png, .jpg, .jpeg
2026-02-12 01:26:15 +05:00: [INFO] Press Ctrl+C to stop
2026-02-12 01:27:10 +05:00: [INFO] Stopping file watcher...
2026-02-12 01:27:10 +05:00: [INFO] File watcher stopped
