
============================================================
Timestamp: 2026-02-07T10:48:55.743609
To: +923001234567
Message: Hi Ahmed,

Got it - I understand the urgency!

I'll prepare and send you the January invoice within the next 2 hours. It'll be for $1,500 covering the consulting work from January 1-31.

You'll have it in your email before end of business today. ✅

Let me know if you need anything else!
Status: LOGGED (placeholder mode)
============================================================

============================================================
Timestamp: 2026-02-07T13:41:54.799804
To: +923212322687
Message: Walaikum Salam Ali bhai!

Haan bilkul, main freelance projects leta hoon. AI automation aur chatbot development meri specialty hai.

Simple chatbot ke liye budget 50k-100k PKR ke beech hota hai, depending on features:
- Basic FAQ bot: 50k
- Custom trained bot with database: 75k
- Advanced AI bot with integrations: 100k+

Aap apni requirements detail mein share karein, main aik proper proposal bhej dunga.

Best regards,
Muhammad Ubaid
Status: LOGGED (placeholder mode)
============================================================
